###############################################################################
#
# IAR ELF Linker V8.40.1.212/W32 for ARM                  13/Sep/2019  16:04:49
# Copyright 2007-2019 IAR Systems AB.
#
#    Output file  =
#        C:\Users\F8075805\Desktop\EK-TM4C1294_IAR8\Projects\fsm_matrix\Debug\Exe\fsm_matrix.out
#    Map file     =
#        C:\Users\F8075805\Desktop\EK-TM4C1294_IAR8\Projects\fsm_matrix\Debug\List\fsm_matrix.map
#    Command line =
#        -f C:\Users\F8075805\AppData\Local\Temp\EW772E.tmp
#        (C:\Users\F8075805\Desktop\EK-TM4C1294_IAR8\Projects\fsm_matrix\Debug\Obj\driverbuttons.o
#        C:\Users\F8075805\Desktop\EK-TM4C1294_IAR8\Projects\fsm_matrix\Debug\Obj\driverleds.o
#        C:\Users\F8075805\Desktop\EK-TM4C1294_IAR8\TivaWare_C_Series-2.1.4.178\driverlib\ewarm\Exe\driverlib.a
#        C:\Users\F8075805\Desktop\EK-TM4C1294_IAR8\Projects\fsm_matrix\Debug\Obj\fsm_matrix.o
#        C:\Users\F8075805\Desktop\EK-TM4C1294_IAR8\Projects\fsm_matrix\Debug\Obj\startup_TM4C1294.o
#        C:\Users\F8075805\Desktop\EK-TM4C1294_IAR8\Projects\fsm_matrix\Debug\Obj\system_TM4C1294_TW.o
#        --no_out_extension -o
#        C:\Users\F8075805\Desktop\EK-TM4C1294_IAR8\Projects\fsm_matrix\Debug\Exe\fsm_matrix.out
#        --redirect _Printf=_PrintfFullNoMb --redirect _Scanf=_ScanfFullNoMb
#        --map
#        C:\Users\F8075805\Desktop\EK-TM4C1294_IAR8\Projects\fsm_matrix\Debug\List\fsm_matrix.map
#        --config "C:\Program Files\IAR Systems\Embedded Workbench
#        8.3\arm\config\linker\TexasInstruments\TM4C1294NC.icf" --semihosting
#        --entry __iar_program_start --vfe --text_out locale)
#
###############################################################################

*******************************************************************************
*** RUNTIME MODEL ATTRIBUTES
***

CppFlavor       = *
__SystemLibrary = DLib
__dlib_version  = 6


*******************************************************************************
*** HEAP SELECTION
***

The basic heap was selected because some modules are built with
size limitations (and not runtime checking), and --advanced_heap
was not specified.


*******************************************************************************
*** PLACEMENT SUMMARY
***

"A0":  place at address 0x0 { ro section .intvec };
"P1":  place in [from 0x0 to 0xf'ffff] { ro };
define block CSTACK with size = 32K, alignment = 8 { };
define block HEAP with size = 64K, alignment = 8 { };
"P2":  place in [from 0x2000'0000 to 0x2003'ffff] {
          rw, block CSTACK, block HEAP };

  Section          Kind         Address    Size  Object
  -------          ----         -------    ----  ------
"A0":                                     0x3c0
  .intvec          ro code          0x0   0x3c0  startup_TM4C1294.o [1]
                                - 0x3c0   0x3c0

"P1":                                     0xc84
  .text            ro code        0x3c0   0x29c  sysctl.o [3]
  .text            ro code        0x65c   0x1e0  gpio.o [3]
  .rodata          const          0x83c   0x1b0  sysctl.o [3]
  .text            ro code        0x9ec   0x154  driverleds.o [1]
  .text            ro code        0xb40    0xec  fsm_matrix.o [1]
  .text            ro code        0xc2c    0xe0  driverbuttons.o [1]
  .text            ro code        0xd0c    0x86  ABImemcpy.o [4]
  .text            ro code        0xd92    0x3a  zero_init3.o [4]
  .text            ro code        0xdcc    0x28  systick.o [3]
  .text            ro code        0xdf4    0xd4  interrupt.o [3]
  .rodata          const          0xec8    0x6c  sysctl.o [3]
  .rodata          const          0xf34    0x30  sysctl.o [3]
  .text            ro code        0xf64    0x28  data_init.o [4]
  .iar.init_table  const          0xf8c    0x10  - Linker created -
  .rodata          const          0xf9c    0x20  fsm_matrix.o [1]
  .text            ro code        0xfbc    0x20  system_TM4C1294_TW.o [1]
  .text            ro code        0xfdc    0x1e  cmain.o [4]
  .text            ro code        0xffa     0x4  low_level_init.o [2]
  .text            ro code        0xffe     0x4  exit.o [2]
  .text            ro code       0x1002     0x2  startup_TM4C1294.o [1]
  .text            ro code       0x1004     0xa  cexit.o [4]
  .text            ro code       0x1010    0x14  exit.o [5]
  .text            ro code       0x1024    0x14  startup_TM4C1294.o [1]
  .text            ro code       0x1038     0xc  cstartup_M.o [4]
  .rodata          const         0x1044     0x0  zero_init3.o [4]
                               - 0x1044   0xc84

"P2", part 1 of 2:                          0x4
  .bss             zero     0x2000'0000     0x1  fsm_matrix.o [1]
  .bss             zero     0x2000'0001     0x1  fsm_matrix.o [1]
                          - 0x2000'0002     0x2

"P2", part 2 of 2:                       0x8004
  .noinit          uninit   0x2000'0004     0x4  system_TM4C1294_TW.o [1]
  CSTACK                    0x2000'0008  0x8000  <Block>
    CSTACK         uninit   0x2000'0008  0x8000  <Block tail>
                          - 0x2000'8008  0x8004

Unused ranges:

         From           To      Size
         ----           --      ----
       0x1044     0xf'ffff  0xf'efbc
  0x2000'8008  0x2003'ffff  0x3'7ff8


*******************************************************************************
*** INIT TABLE
***

          Address      Size
          -------      ----
Zero (__iar_zero_init3)
    1 destination range, total size 0x2:
          0x2000'0000   0x2



*******************************************************************************
*** MODULE SUMMARY
***

    Module                ro code  ro data  rw data
    ------                -------  -------  -------
command line/config:
    -----------------------------------------------
    Total:

C:\Users\F8075805\Desktop\EK-TM4C1294_IAR8\Projects\fsm_matrix\Debug\Obj: [1]
    driverbuttons.o           224
    driverleds.o              340
    fsm_matrix.o              236       32        2
    startup_TM4C1294.o        982
    system_TM4C1294_TW.o       32                 4
    -----------------------------------------------
    Total:                  1'814       32        6

dl7M_tln.a: [2]
    exit.o                      4
    low_level_init.o            4
    -----------------------------------------------
    Total:                      8

driverlib.a: [3]
    gpio.o                    480
    interrupt.o               212
    sysctl.o                  668      588
    systick.o                  40
    -----------------------------------------------
    Total:                  1'400      588

rt7M_tl.a: [4]
    ABImemcpy.o               134
    cexit.o                    10
    cmain.o                    30
    cstartup_M.o               12
    data_init.o                40
    zero_init3.o               58
    -----------------------------------------------
    Total:                    284

shb_l.a: [5]
    exit.o                     20
    -----------------------------------------------
    Total:                     20

    Gaps                        2
    Linker created                      16   32'768
---------------------------------------------------
    Grand Total:            3'528      636   32'774


*******************************************************************************
*** ENTRY LIST
***

Entry                       Address   Size  Type      Object
-----                       -------   ----  ----      ------
.iar.init_table$$Base         0xf8c          --   Gb  - Linker created -
.iar.init_table$$Limit        0xf9c          --   Gb  - Linker created -
?main                         0xfdd         Code  Gb  cmain.o [4]
ButtonInit                    0xc2d   0x4c  Code  Gb  driverbuttons.o [1]
ButtonIntClear                0xce5   0x1e  Code  Gb  driverbuttons.o [1]
ButtonIntDisable              0xcbb   0x2a  Code  Gb  driverbuttons.o [1]
ButtonIntEnable               0xc79   0x42  Code  Gb  driverbuttons.o [1]
CSTACK$$Base            0x2000'0008          --   Gb  - Linker created -
CSTACK$$Limit           0x2000'8008          --   Gb  - Linker created -
Evento                  0x2000'0000    0x1  Data  Gb  fsm_matrix.o [1]
GPIODirModeSet                0x65d   0x28  Code  Gb  gpio.o [3]
GPIOIntClear                  0x7df    0x8  Code  Gb  gpio.o [3]
GPIOIntDisable                0x7d9    0x6  Code  Gb  gpio.o [3]
GPIOIntEnable                 0x7d3    0x6  Code  Gb  gpio.o [3]
GPIOIntTypeSet                0x685   0x4c  Code  Gb  gpio.o [3]
GPIOJ_Handler                 0xb51   0x10  Code  Gb  fsm_matrix.o [1]
GPIOPadConfigSet              0x6d1  0x102  Code  Gb  gpio.o [3]
GPIOPinTypeGPIOInput          0x7f3   0x14  Code  Gb  gpio.o [3]
GPIOPinTypeGPIOOutput         0x807    0xa  Code  Gb  gpio.o [3]
GPIOPinWrite                  0x7e7    0x8  Code  Gb  gpio.o [3]
IntDisable                    0xe3d   0x46  Code  Gb  interrupt.o [3]
IntEnable                     0xdf5   0x46  Code  Gb  interrupt.o [3]
LEDInit                       0x9ed   0xc6  Code  Gb  driverleds.o [1]
LEDOff                        0xaf1   0x3e  Code  Gb  driverleds.o [1]
LEDOn                         0xab3   0x3e  Code  Gb  driverleds.o [1]
Region$$Table$$Base           0xf8c          --   Gb  - Linker created -
Region$$Table$$Limit          0xf9c          --   Gb  - Linker created -
SysCtlClockFreqSet            0x421  0x1fc  Code  Gb  sysctl.o [3]
SysCtlPeripheralEnable        0x403    0x8  Code  Gb  sysctl.o [3]
SysCtlPeripheralReady         0x3e1    0x8  Code  Gb  sysctl.o [3]
SysTickEnable                 0xdcd    0xc  Code  Gb  systick.o [3]
SysTickIntEnable              0xdd9    0xc  Code  Gb  systick.o [3]
SysTickPeriodSet              0xde5    0x8  Code  Gb  systick.o [3]
SysTick_Handler               0xb41   0x10  Code  Gb  fsm_matrix.o [1]
SystemCoreClock         0x2000'0004    0x4  Data  Gb  system_TM4C1294_TW.o [1]
SystemInit                    0xfbd   0x10  Code  Gb  system_TM4C1294_TW.o [1]
_SysCtlMemTimingGet           0x3c1   0x20  Code  Lc  sysctl.o [3]
__Vectors                       0x0          --   Gb  startup_TM4C1294.o [1]
__Vectors_End                 0x3c0         Data  Gb  startup_TM4C1294.o [1]
__Vectors_Size {Abs}          0x3c0          --   Gb  startup_TM4C1294.o [1]
__aeabi_memcpy4               0xd0d         Code  Gb  ABImemcpy.o [4]
__aeabi_memcpy8               0xd0d         Code  Gb  ABImemcpy.o [4]
__cmain                       0xfdd         Code  Gb  cmain.o [4]
__exit                       0x1011   0x14  Code  Gb  exit.o [5]
__iar_data_init3              0xf65   0x28  Code  Gb  data_init.o [4]
__iar_init_vfp               0x102d         Code  Wk  startup_TM4C1294.o [1]
__iar_program_start          0x1039         Code  Gb  cstartup_M.o [4]
__iar_zero_init3              0xd93   0x3a  Code  Gb  zero_init3.o [4]
__low_level_init              0xffb    0x4  Code  Gb  low_level_init.o [2]
__vector_table                  0x0         Data  Gb  startup_TM4C1294.o [1]
__vector_table_0x1c            0x1c         Data  Gb  startup_TM4C1294.o [1]
_call_main                    0xfe9         Code  Gb  cmain.o [4]
_exit                        0x1005         Code  Gb  cexit.o [4]
_main                         0xff7         Code  Gb  cmain.o [4]
exit                          0xfff    0x4  Code  Gb  exit.o [2]
f_LED1_Acende_Botao           0xb85    0xc  Code  Gb  fsm_matrix.o [1]
f_LED1_Acende_Tempo           0xb6d    0xc  Code  Gb  fsm_matrix.o [1]
f_LED1_Apaga_Botao            0xb79    0xc  Code  Gb  fsm_matrix.o [1]
f_LED1_Apaga_Tempo            0xb61    0xc  Code  Gb  fsm_matrix.o [1]
f_LED2_Acende_Botao           0xbb5    0xc  Code  Gb  fsm_matrix.o [1]
f_LED2_Acende_Tempo           0xb9d    0xc  Code  Gb  fsm_matrix.o [1]
f_LED2_Apaga_Botao            0xba9    0xc  Code  Gb  fsm_matrix.o [1]
f_LED2_Apaga_Tempo            0xb91    0xc  Code  Gb  fsm_matrix.o [1]
g_pppui32XTALtoVCO            0x83c  0x1b0  Data  Lc  sysctl.o [3]
g_pui32Dii16Regs              0xeb4   0x14  Data  Lc  interrupt.o [3]
g_pui32EnRegs                 0xea0   0x14  Data  Lc  interrupt.o [3]
g_pui32VCOFrequencies         0x654    0x8  Data  Lc  sysctl.o [3]
g_pui32Xtals                  0xec8   0x6c  Data  Lc  sysctl.o [3]
g_sXTALtoMEMTIM               0xf34   0x30  Data  Lc  sysctl.o [3]
main                          0xbc1   0x5c  Code  Gb  fsm_matrix.o [1]
main::Estado            0x2000'0001    0x1  Data  Lc  fsm_matrix.o [1]


[1] = C:\Users\F8075805\Desktop\EK-TM4C1294_IAR8\Projects\fsm_matrix\Debug\Obj
[2] = dl7M_tln.a
[3] = driverlib.a
[4] = rt7M_tl.a
[5] = shb_l.a

   3'528 bytes of readonly  code memory
     636 bytes of readonly  data memory
  32'774 bytes of readwrite data memory

Errors: none
Warnings: none
