###############################################################################
#
# IAR ELF Linker V8.40.1.212/W32 for ARM                  13/Sep/2019  16:04:45
# Copyright 2007-2019 IAR Systems AB.
#
#    Output file  =
#        C:\Users\F8075805\Desktop\EK-TM4C1294_IAR8\Projects\fsm_event\Debug\Exe\fsm_event.out
#    Map file     =
#        C:\Users\F8075805\Desktop\EK-TM4C1294_IAR8\Projects\fsm_event\Debug\List\fsm_event.map
#    Command line =
#        -f C:\Users\F8075805\AppData\Local\Temp\EW683A.tmp
#        (C:\Users\F8075805\Desktop\EK-TM4C1294_IAR8\Projects\fsm_event\Debug\Obj\driverleds.o
#        C:\Users\F8075805\Desktop\EK-TM4C1294_IAR8\TivaWare_C_Series-2.1.4.178\driverlib\ewarm\Exe\driverlib.a
#        C:\Users\F8075805\Desktop\EK-TM4C1294_IAR8\Projects\fsm_event\Debug\Obj\fsm_event.o
#        C:\Users\F8075805\Desktop\EK-TM4C1294_IAR8\Projects\fsm_event\Debug\Obj\startup_TM4C1294.o
#        C:\Users\F8075805\Desktop\EK-TM4C1294_IAR8\Projects\fsm_event\Debug\Obj\system_TM4C1294_TW.o
#        --no_out_extension -o
#        C:\Users\F8075805\Desktop\EK-TM4C1294_IAR8\Projects\fsm_event\Debug\Exe\fsm_event.out
#        --redirect _Printf=_PrintfFullNoMb --redirect _Scanf=_ScanfFullNoMb
#        --map
#        C:\Users\F8075805\Desktop\EK-TM4C1294_IAR8\Projects\fsm_event\Debug\List\fsm_event.map
#        --config "C:\Program Files\IAR Systems\Embedded Workbench
#        8.3\arm\config\linker\TexasInstruments\TM4C1294NC.icf" --semihosting
#        --entry __iar_program_start --vfe --text_out locale)
#
###############################################################################

*******************************************************************************
*** RUNTIME MODEL ATTRIBUTES
***

CppFlavor       = *
__SystemLibrary = DLib
__dlib_version  = 6


*******************************************************************************
*** HEAP SELECTION
***

The basic heap was selected because some modules are built with
size limitations (and not runtime checking), and --advanced_heap
was not specified.


*******************************************************************************
*** PLACEMENT SUMMARY
***

"A0":  place at address 0x0 { ro section .intvec };
"P1":  place in [from 0x0 to 0xf'ffff] { ro };
define block CSTACK with size = 32K, alignment = 8 { };
define block HEAP with size = 64K, alignment = 8 { };
"P2":  place in [from 0x2000'0000 to 0x2003'ffff] {
          rw, block CSTACK, block HEAP };

  Section          Kind         Address    Size  Object
  -------          ----         -------    ----  ------
"A0":                                     0x3c0
  .intvec          ro code          0x0   0x3c0  startup_TM4C1294.o [1]
                                - 0x3c0   0x3c0

"P1":                                     0x908
  .text            ro code        0x3c0   0x29c  sysctl.o [3]
  .rodata          const          0x65c   0x1b0  sysctl.o [3]
  .text            ro code        0x80c   0x154  driverleds.o [1]
  .text            ro code        0x960   0x14e  gpio.o [3]
  .text            ro code        0xaae    0x3a  zero_init3.o [4]
  .rodata          const          0xae8    0x6c  sysctl.o [3]
  .text            ro code        0xb54    0x5c  fsm_event.o [1]
  .text            ro code        0xbb0    0x28  systick.o [3]
  .rodata          const          0xbd8    0x30  sysctl.o [3]
  .text            ro code        0xc08    0x28  data_init.o [4]
  .iar.init_table  const          0xc30    0x10  - Linker created -
  .text            ro code        0xc40    0x20  system_TM4C1294_TW.o [1]
  .text            ro code        0xc60    0x1e  cmain.o [4]
  .text            ro code        0xc7e     0x4  low_level_init.o [2]
  .text            ro code        0xc82     0x4  exit.o [2]
  .text            ro code        0xc86     0x2  startup_TM4C1294.o [1]
  .text            ro code        0xc88     0xa  cexit.o [4]
  .text            ro code        0xc94    0x14  exit.o [5]
  .text            ro code        0xca8    0x14  startup_TM4C1294.o [1]
  .text            ro code        0xcbc     0xc  cstartup_M.o [4]
  .rodata          const          0xcc8     0x0  zero_init3.o [4]
                                - 0xcc8   0x908

"P2", part 1 of 2:                          0x4
  .bss             zero     0x2000'0000     0x1  fsm_event.o [1]
  .bss             zero     0x2000'0001     0x1  fsm_event.o [1]
                          - 0x2000'0002     0x2

"P2", part 2 of 2:                       0x8004
  .noinit          uninit   0x2000'0004     0x4  system_TM4C1294_TW.o [1]
  CSTACK                    0x2000'0008  0x8000  <Block>
    CSTACK         uninit   0x2000'0008  0x8000  <Block tail>
                          - 0x2000'8008  0x8004

Unused ranges:

         From           To      Size
         ----           --      ----
        0xcc8     0xf'ffff  0xf'f338
  0x2000'8008  0x2003'ffff  0x3'7ff8


*******************************************************************************
*** INIT TABLE
***

          Address      Size
          -------      ----
Zero (__iar_zero_init3)
    1 destination range, total size 0x2:
          0x2000'0000   0x2



*******************************************************************************
*** MODULE SUMMARY
***

    Module                ro code  ro data  rw data
    ------                -------  -------  -------
command line/config:
    -----------------------------------------------
    Total:

C:\Users\F8075805\Desktop\EK-TM4C1294_IAR8\Projects\fsm_event\Debug\Obj: [1]
    driverleds.o              340
    fsm_event.o                92                 2
    startup_TM4C1294.o        982
    system_TM4C1294_TW.o       32                 4
    -----------------------------------------------
    Total:                  1'446                 6

dl7M_tln.a: [2]
    exit.o                      4
    low_level_init.o            4
    -----------------------------------------------
    Total:                      8

driverlib.a: [3]
    gpio.o                    334
    sysctl.o                  668      588
    systick.o                  40
    -----------------------------------------------
    Total:                  1'042      588

rt7M_tl.a: [4]
    cexit.o                    10
    cmain.o                    30
    cstartup_M.o               12
    data_init.o                40
    zero_init3.o               58
    -----------------------------------------------
    Total:                    150

shb_l.a: [5]
    exit.o                     20
    -----------------------------------------------
    Total:                     20

    Gaps                        2
    Linker created                      16   32'768
---------------------------------------------------
    Grand Total:            2'668      604   32'774


*******************************************************************************
*** ENTRY LIST
***

Entry                       Address   Size  Type      Object
-----                       -------   ----  ----      ------
.iar.init_table$$Base         0xc30          --   Gb  - Linker created -
.iar.init_table$$Limit        0xc40          --   Gb  - Linker created -
?main                         0xc61         Code  Gb  cmain.o [4]
CSTACK$$Base            0x2000'0008          --   Gb  - Linker created -
CSTACK$$Limit           0x2000'8008          --   Gb  - Linker created -
Evento                  0x2000'0000    0x1  Data  Gb  fsm_event.o [1]
GPIODirModeSet                0x961   0x28  Code  Gb  gpio.o [3]
GPIOPadConfigSet              0x989  0x102  Code  Gb  gpio.o [3]
GPIOPinTypeGPIOOutput         0xa93    0xa  Code  Gb  gpio.o [3]
GPIOPinWrite                  0xa8b    0x8  Code  Gb  gpio.o [3]
LEDInit                       0x80d   0xc6  Code  Gb  driverleds.o [1]
LEDOff                        0x911   0x3e  Code  Gb  driverleds.o [1]
LEDOn                         0x8d3   0x3e  Code  Gb  driverleds.o [1]
Region$$Table$$Base           0xc30          --   Gb  - Linker created -
Region$$Table$$Limit          0xc40          --   Gb  - Linker created -
SysCtlClockFreqSet            0x421  0x1fc  Code  Gb  sysctl.o [3]
SysCtlPeripheralEnable        0x403    0x8  Code  Gb  sysctl.o [3]
SysCtlPeripheralReady         0x3e1    0x8  Code  Gb  sysctl.o [3]
SysTickEnable                 0xbb1    0xc  Code  Gb  systick.o [3]
SysTickIntEnable              0xbbd    0xc  Code  Gb  systick.o [3]
SysTickPeriodSet              0xbc9    0x8  Code  Gb  systick.o [3]
SysTick_Handler               0xb55    0x8  Code  Gb  fsm_event.o [1]
SystemCoreClock         0x2000'0004    0x4  Data  Gb  system_TM4C1294_TW.o [1]
SystemInit                    0xc41   0x10  Code  Gb  system_TM4C1294_TW.o [1]
_SysCtlMemTimingGet           0x3c1   0x20  Code  Lc  sysctl.o [3]
__Vectors                       0x0          --   Gb  startup_TM4C1294.o [1]
__Vectors_End                 0x3c0         Data  Gb  startup_TM4C1294.o [1]
__Vectors_Size {Abs}          0x3c0          --   Gb  startup_TM4C1294.o [1]
__cmain                       0xc61         Code  Gb  cmain.o [4]
__exit                        0xc95   0x14  Code  Gb  exit.o [5]
__iar_data_init3              0xc09   0x28  Code  Gb  data_init.o [4]
__iar_init_vfp                0xcb1         Code  Wk  startup_TM4C1294.o [1]
__iar_program_start           0xcbd         Code  Gb  cstartup_M.o [4]
__iar_zero_init3              0xaaf   0x3a  Code  Gb  zero_init3.o [4]
__low_level_init              0xc7f    0x4  Code  Gb  low_level_init.o [2]
__vector_table                  0x0         Data  Gb  startup_TM4C1294.o [1]
__vector_table_0x1c            0x1c         Data  Gb  startup_TM4C1294.o [1]
_call_main                    0xc6d         Code  Gb  cmain.o [4]
_exit                         0xc89         Code  Gb  cexit.o [4]
_main                         0xc7b         Code  Gb  cmain.o [4]
exit                          0xc83    0x4  Code  Gb  exit.o [2]
g_pppui32XTALtoVCO            0x65c  0x1b0  Data  Lc  sysctl.o [3]
g_pui32VCOFrequencies         0x654    0x8  Data  Lc  sysctl.o [3]
g_pui32Xtals                  0xae8   0x6c  Data  Lc  sysctl.o [3]
g_sXTALtoMEMTIM               0xbd8   0x30  Data  Lc  sysctl.o [3]
main                          0xb5d   0x46  Code  Gb  fsm_event.o [1]
main::Estado            0x2000'0001    0x1  Data  Lc  fsm_event.o [1]


[1] = C:\Users\F8075805\Desktop\EK-TM4C1294_IAR8\Projects\fsm_event\Debug\Obj
[2] = dl7M_tln.a
[3] = driverlib.a
[4] = rt7M_tl.a
[5] = shb_l.a

   2'668 bytes of readonly  code memory
     604 bytes of readonly  data memory
  32'774 bytes of readwrite data memory

Errors: none
Warnings: none
