###############################################################################
#
# IAR ELF Linker V8.40.1.212/W32 for ARM                  13/Sep/2019  16:06:46
# Copyright 2007-2019 IAR Systems AB.
#
#    Output file  =
#        C:\Users\F8075805\Desktop\EK-TM4C1294_IAR8\Projects\simple_uart\Debug\Exe\simple_uart.out
#    Map file     =
#        C:\Users\F8075805\Desktop\EK-TM4C1294_IAR8\Projects\simple_uart\Debug\List\simple_uart.map
#    Command line =
#        -f C:\Users\F8075805\AppData\Local\Temp\EW4102.tmp
#        (C:\Users\F8075805\Desktop\EK-TM4C1294_IAR8\TivaWare_C_Series-2.1.4.178\driverlib\ewarm\Exe\driverlib.a
#        C:\Users\F8075805\Desktop\EK-TM4C1294_IAR8\Projects\simple_uart\Debug\Obj\simple_uart.o
#        C:\Users\F8075805\Desktop\EK-TM4C1294_IAR8\Projects\simple_uart\Debug\Obj\startup_TM4C1294.o
#        C:\Users\F8075805\Desktop\EK-TM4C1294_IAR8\Projects\simple_uart\Debug\Obj\system_TM4C1294_TW.o
#        C:\Users\F8075805\Desktop\EK-TM4C1294_IAR8\Projects\simple_uart\Debug\Obj\uartstdio.o
#        --no_out_extension -o
#        C:\Users\F8075805\Desktop\EK-TM4C1294_IAR8\Projects\simple_uart\Debug\Exe\simple_uart.out
#        --map
#        C:\Users\F8075805\Desktop\EK-TM4C1294_IAR8\Projects\simple_uart\Debug\List\simple_uart.map
#        --config "C:\Program Files\IAR Systems\Embedded Workbench
#        8.3\arm\config\linker\TexasInstruments\TM4C1294NC.icf" --semihosting
#        --entry __iar_program_start --vfe --text_out locale)
#
###############################################################################

*******************************************************************************
*** RUNTIME MODEL ATTRIBUTES
***

CppFlavor       = *
__SystemLibrary = DLib
__dlib_version  = 6


*******************************************************************************
*** HEAP SELECTION
***

The basic heap was selected because some modules are built with
size limitations (and not runtime checking), and --advanced_heap
was not specified.


*******************************************************************************
*** PLACEMENT SUMMARY
***

"A0":  place at address 0x0 { ro section .intvec };
"P1":  place in [from 0x0 to 0xf'ffff] { ro };
define block CSTACK with size = 32K, alignment = 8 { };
define block HEAP with size = 64K, alignment = 8 { };
"P2":  place in [from 0x2000'0000 to 0x2003'ffff] {
          rw, block CSTACK, block HEAP };

  Section          Kind         Address    Size  Object
  -------          ----         -------    ----  ------
"A0":                                     0x3c0
  .intvec          ro code          0x0   0x3c0  startup_TM4C1294.o [1]
                                - 0x3c0   0x3c0

"P1":                                    0x11a4
  .text            ro code        0x3c0   0x518  uartstdio.o [1]
  .text            ro code        0x8d8    0xec  interrupt.o [3]
  .text            ro code        0x9c4   0x114  uart.o [3]
  .text            ro code        0xad8   0x2ac  sysctl.o [3]
  .text            ro code        0xd84    0x10  cpu.o [3]
  .text            ro code        0xd94   0x1d4  gpio.o [3]
  .rodata          const          0xf68   0x1b0  sysctl.o [3]
  .text            ro code       0x1118   0x18c  simple_uart.o [1]
  .text            ro code       0x12a4    0x28  systick.o [3]
  .rodata          const         0x12cc    0x90  gpio.o [3]
  .rodata          const         0x135c    0x6c  sysctl.o [3]
  .text            ro code       0x13c8    0x3a  zero_init3.o [4]
  .text            ro code       0x1402     0x2  startup_TM4C1294.o [1]
  .rodata          const         0x1404    0x30  sysctl.o [3]
  .text            ro code       0x1434    0x2c  system_TM4C1294_TW.o [1]
  .text            ro code       0x1460    0x28  data_init.o [4]
  .iar.init_table  const         0x1488    0x10  - Linker created -
  .rodata          const         0x1498    0x20  simple_uart.o [1]
  .text            ro code       0x14b8    0x1e  cmain.o [4]
  .text            ro code       0x14d6     0x4  low_level_init.o [2]
  .text            ro code       0x14da     0x4  exit.o [2]
  .text            ro code       0x14e0     0xa  cexit.o [4]
  .text            ro code       0x14ec    0x14  exit.o [5]
  .rodata          const         0x1500    0x14  uartstdio.o [1]
  .text            ro code       0x1514    0x14  startup_TM4C1294.o [1]
  .rodata          const         0x1528     0xc  uartstdio.o [1]
  .rodata          const         0x1534     0xc  uartstdio.o [1]
  .rodata          const         0x1540     0xc  uartstdio.o [1]
  .text            ro code       0x154c     0xc  cstartup_M.o [4]
  .rodata          const         0x1558     0x8  uartstdio.o [1]
  .rodata          const         0x1560     0x4  uartstdio.o [1]
  .rodata          const         0x1564     0x0  zero_init3.o [4]
                               - 0x1564  0x11a4

"P2", part 1 of 2:                        0x49c
  .bss             zero     0x2000'0000   0x400  uartstdio.o [1]
  .bss             zero     0x2000'0400    0x80  uartstdio.o [1]
  .bss             zero     0x2000'0480     0x4  uartstdio.o [1]
  .bss             zero     0x2000'0484     0x4  uartstdio.o [1]
  .bss             zero     0x2000'0488     0x4  uartstdio.o [1]
  .bss             zero     0x2000'048c     0x4  uartstdio.o [1]
  .bss             zero     0x2000'0490     0x4  uartstdio.o [1]
  .bss             zero     0x2000'0494     0x4  uartstdio.o [1]
  .bss             zero     0x2000'0498     0x1  simple_uart.o [1]
  .bss             zero     0x2000'0499     0x1  uartstdio.o [1]
  .bss             zero     0x2000'049a     0x1  uartstdio.o [1]
                          - 0x2000'049b   0x49b

"P2", part 2 of 2:                       0x8004
  .noinit          uninit   0x2000'049c     0x4  system_TM4C1294_TW.o [1]
  CSTACK                    0x2000'04a0  0x8000  <Block>
    CSTACK         uninit   0x2000'04a0  0x8000  <Block tail>
                          - 0x2000'84a0  0x8004

Unused ranges:

         From           To      Size
         ----           --      ----
       0x1564     0xf'ffff  0xf'ea9c
  0x2000'84a0  0x2003'ffff  0x3'7b60


*******************************************************************************
*** INIT TABLE
***

          Address      Size
          -------      ----
Zero (__iar_zero_init3)
    1 destination range, total size 0x49b:
          0x2000'0000  0x49b



*******************************************************************************
*** MODULE SUMMARY
***

    Module                ro code  ro data  rw data
    ------                -------  -------  -------
command line/config:
    -----------------------------------------------
    Total:

C:\Users\F8075805\Desktop\EK-TM4C1294_IAR8\Projects\simple_uart\Debug\Obj: [1]
    simple_uart.o             396       32        1
    startup_TM4C1294.o        982
    system_TM4C1294_TW.o       44                 4
    uartstdio.o             1'304       68    1'178
    -----------------------------------------------
    Total:                  2'726      100    1'183

dl7M_tln.a: [2]
    exit.o                      4
    low_level_init.o            4
    -----------------------------------------------
    Total:                      8

driverlib.a: [3]
    cpu.o                      16
    gpio.o                    468      144
    interrupt.o               236
    sysctl.o                  684      588
    systick.o                  40
    uart.o                    276
    -----------------------------------------------
    Total:                  1'720      732

rt7M_tl.a: [4]
    cexit.o                    10
    cmain.o                    30
    cstartup_M.o               12
    data_init.o                40
    zero_init3.o               58
    -----------------------------------------------
    Total:                    150

shb_l.a: [5]
    exit.o                     20
    -----------------------------------------------
    Total:                     20

    Gaps                        4
    Linker created                      16   32'768
---------------------------------------------------
    Grand Total:            4'628      848   33'951


*******************************************************************************
*** ENTRY LIST
***

Entry                       Address   Size  Type      Object
-----                       -------   ----  ----      ------
.iar.init_table$$Base        0x1488          --   Gb  - Linker created -
.iar.init_table$$Limit       0x1498          --   Gb  - Linker created -
?main                        0x14b9         Code  Gb  cmain.o [4]
CPUcpsid                      0xd85    0x8  Code  Gb  cpu.o [3]
CPUcpsie                      0xd8d    0x8  Code  Gb  cpu.o [3]
CSTACK$$Base            0x2000'04a0          --   Gb  - Linker created -
CSTACK$$Limit           0x2000'84a0          --   Gb  - Linker created -
GPIODirModeSet                0xd95   0x28  Code  Gb  gpio.o [3]
GPIOPadConfigSet              0xdbd  0x102  Code  Gb  gpio.o [3]
GPIOPinConfigure              0xf27   0x36  Code  Gb  gpio.o [3]
GPIOPinRead                   0xebf    0x8  Code  Gb  gpio.o [3]
GPIOPinTypeGPIOInput          0xed3   0x14  Code  Gb  gpio.o [3]
GPIOPinTypeGPIOOutput         0xee7    0xa  Code  Gb  gpio.o [3]
GPIOPinTypeUART               0xf0b   0x14  Code  Gb  gpio.o [3]
GPIOPinWrite                  0xec7    0x8  Code  Gb  gpio.o [3]
IntDisable                    0x939   0x46  Code  Gb  interrupt.o [3]
IntEnable                     0x8f1   0x46  Code  Gb  interrupt.o [3]
IntMasterDisable              0x8e1    0x6  Code  Gb  interrupt.o [3]
IntMasterEnable               0x8d9    0x8  Code  Gb  interrupt.o [3]
IsBufferEmpty                 0x3dd   0x12  Code  Lc  uartstdio.o [1]
IsBufferFull                  0x3c1   0x1c  Code  Lc  uartstdio.o [1]
LED_D1                  0x2000'0498    0x1  Data  Gb  simple_uart.o [1]
Region$$Table$$Base          0x1488          --   Gb  - Linker created -
Region$$Table$$Limit         0x1498          --   Gb  - Linker created -
SysCtlClockFreqSet            0xb43  0x1fc  Code  Gb  sysctl.o [3]
SysCtlPeripheralEnable        0xb25    0x8  Code  Gb  sysctl.o [3]
SysCtlPeripheralPresent
                              0xaf9    0xa  Code  Gb  sysctl.o [3]
SysCtlPeripheralReady         0xb03    0x8  Code  Gb  sysctl.o [3]
SysTickEnable                0x12a5    0xc  Code  Gb  systick.o [3]
SysTickIntEnable             0x12b1    0xc  Code  Gb  systick.o [3]
SysTickPeriodSet             0x12bd    0x8  Code  Gb  systick.o [3]
SysTick_Handler              0x116f   0x18  Code  Gb  simple_uart.o [1]
SystemCoreClock         0x2000'049c    0x4  Data  Gb  system_TM4C1294_TW.o [1]
SystemInit                   0x1435   0x1a  Code  Gb  system_TM4C1294_TW.o [1]
UART0_Handler                0x1167    0x8  Code  Gb  simple_uart.o [1]
UARTCharGetNonBlocking        0xa8b   0x14  Code  Gb  uart.o [3]
UARTCharPutNonBlocking        0xa9f   0x16  Code  Gb  uart.o [3]
UARTCharsAvail                0xa73    0x8  Code  Gb  uart.o [3]
UARTConfigSetExpClk           0x9cd   0x5c  Code  Gb  uart.o [3]
UARTDisable                   0xa43   0x22  Code  Gb  uart.o [3]
UARTEnable                    0xa29   0x1a  Code  Gb  uart.o [3]
UARTFIFOLevelSet              0x9c5    0x8  Code  Gb  uart.o [3]
UARTFlushRx                   0x72d   0x1c  Code  Gb  uartstdio.o [1]
UARTFlushTx                   0x749   0x30  Code  Gb  uartstdio.o [1]
UARTInit                     0x1119   0x4e  Code  Gb  simple_uart.o [1]
UARTIntClear                  0xad3    0x6  Code  Gb  uart.o [3]
UARTIntDisable                0xabb    0x4  Code  Gb  uart.o [3]
UARTIntEnable                 0xab5    0x6  Code  Gb  uart.o [3]
UARTIntStatus                 0xac7    0xc  Code  Gb  uart.o [3]
UARTPrimeTransmit             0x3ef   0x6a  Code  Lc  uartstdio.o [1]
UARTSpaceAvail                0xa7b    0x6  Code  Gb  uart.o [3]
UARTStdioConfig               0x459   0x7e  Code  Gb  uartstdio.o [1]
UARTStdioIntHandler           0x77d  0x116  Code  Gb  uartstdio.o [1]
UARTStdioIntHandler::bLastWasCR
                        0x2000'049a    0x1  Data  Lc  uartstdio.o [1]
UARTprintf                    0x71f    0xe  Code  Gb  uartstdio.o [1]
UARTvprintf                   0x569  0x1b6  Code  Gb  uartstdio.o [1]
UARTwrite                     0x4d7   0x92  Code  Gb  uartstdio.o [1]
_SysCtlMemTimingGet           0xad9   0x20  Code  Lc  sysctl.o [3]
__Vectors                       0x0          --   Gb  startup_TM4C1294.o [1]
__Vectors_End                 0x3c0         Data  Gb  startup_TM4C1294.o [1]
__Vectors_Size {Abs}          0x3c0          --   Gb  startup_TM4C1294.o [1]
__cmain                      0x14b9         Code  Gb  cmain.o [4]
__exit                       0x14ed   0x14  Code  Gb  exit.o [5]
__iar_data_init3             0x1461   0x28  Code  Gb  data_init.o [4]
__iar_init_vfp               0x151d         Code  Wk  startup_TM4C1294.o [1]
__iar_program_start          0x154d         Code  Gb  cstartup_M.o [4]
__iar_zero_init3             0x13c9   0x3a  Code  Gb  zero_init3.o [4]
__low_level_init             0x14d7    0x4  Code  Gb  low_level_init.o [2]
__vector_table                  0x0         Data  Gb  startup_TM4C1294.o [1]
__vector_table_0x1c            0x1c         Data  Gb  startup_TM4C1294.o [1]
_call_main                   0x14c5         Code  Gb  cmain.o [4]
_exit                        0x14e1         Code  Gb  cexit.o [4]
_main                        0x14d3         Code  Gb  cmain.o [4]
exit                         0x14db    0x4  Code  Gb  exit.o [2]
g_bDisableEcho          0x2000'0499    0x1  Data  Lc  uartstdio.o [1]
g_pcHex                      0x1560    0x4  Data  Lc  uartstdio.o [1]
g_pcUARTRxBuffer        0x2000'0400   0x80  Data  Lc  uartstdio.o [1]
g_pcUARTTxBuffer        0x2000'0000  0x400  Data  Lc  uartstdio.o [1]
g_pppui32XTALtoVCO            0xf68  0x1b0  Data  Lc  sysctl.o [3]
g_pui32Dii16Regs              0x9b0   0x14  Data  Lc  interrupt.o [3]
g_pui32EnRegs                 0x99c   0x14  Data  Lc  interrupt.o [3]
g_pui32GPIOBaseAddrs         0x12cc   0x90  Data  Lc  gpio.o [3]
g_pui32VCOFrequencies         0xd7c    0x8  Data  Lc  sysctl.o [3]
g_pui32Xtals                 0x135c   0x6c  Data  Lc  sysctl.o [3]
g_sXTALtoMEMTIM              0x1404   0x30  Data  Lc  sysctl.o [3]
g_ui32Base              0x2000'0490    0x4  Data  Lc  uartstdio.o [1]
g_ui32PortNum           0x2000'0494    0x4  Data  Lc  uartstdio.o [1]
g_ui32UARTBase               0x1528    0xc  Data  Lc  uartstdio.o [1]
g_ui32UARTInt                0x1534    0xc  Data  Lc  uartstdio.o [1]
g_ui32UARTPeriph             0x1540    0xc  Data  Lc  uartstdio.o [1]
g_ui32UARTRxReadIndex   0x2000'048c    0x4  Data  Lc  uartstdio.o [1]
g_ui32UARTRxWriteIndex  0x2000'0488    0x4  Data  Lc  uartstdio.o [1]
g_ui32UARTTxReadIndex   0x2000'0484    0x4  Data  Lc  uartstdio.o [1]
g_ui32UARTTxWriteIndex  0x2000'0480    0x4  Data  Lc  uartstdio.o [1]
main                         0x1187   0xec  Code  Gb  simple_uart.o [1]


[1] = C:\Users\F8075805\Desktop\EK-TM4C1294_IAR8\Projects\simple_uart\Debug\Obj
[2] = dl7M_tln.a
[3] = driverlib.a
[4] = rt7M_tl.a
[5] = shb_l.a

   4'628 bytes of readonly  code memory
     848 bytes of readonly  data memory
  33'951 bytes of readwrite data memory

Errors: none
Warnings: none
